// Jest Snapshot v1, https://goo.gl/fbAQLP

exports[`generateMigration adds a column 1`] = `"ALTER TABLE \\"tbl\\" ADD COLUMN \\"extra\\" TEXT NOT NULL;"`;

exports[`generateMigration adds a table 1`] = `
"CREATE TABLE \\"tbl\\" (
  \\"id\\" INTEGER PRIMARY KEY AUTOINCREMENT NOT NULL
);"
`;

exports[`generateMigration changes a column 1`] = `
"BEGIN EXCLUSIVE TRANSACTION;
CREATE TABLE \\"transfertbl\\" (
  \\"col\\" TEXT NOT NULL,
  \\"extra\\" TEXT
);
INSERT INTO transfertbl ( \\"col\\", \\"extra\\" )
  SELECT \\"col\\", \\"extra\\"
  FROM \\"tbl\\";
DROP TABLE tbl;
ALTER TABLE transfertbl RENAME TO tbl;
COMMIT TRANSACTION;"
`;

exports[`generateMigration drops a column 1`] = `"ALTER TABLE \\"tbl\\" DROP COLUMN \\"extra\\";"`;

exports[`generateMigration drops a table 1`] = `"DROP TABLE \\"tbl\\";"`;

exports[`generateMigration supports all column types 1`] = `
"CREATE TABLE \\"tbl\\" (
  \\"text\\" TEXT NOT NULL,
  \\"integer\\" INTEGER NOT NULL,
  \\"date\\" TEXT NOT NULL,
  \\"uuid\\" TEXT NOT NULL,
  \\"json\\" TEXT NOT NULL
);"
`;
